// Jest Snapshot v1, https://goo.gl/fbAQLP

exports[`Lexer Simple case 1`] = `
Array [
  Array [
    1,
    "
    <foo><%% 
    ",
    0,
    19,
  ],
  Array [
    2,
    "<%",
    19,
    21,
  ],
  Array [
    4,
    "#",
    21,
    22,
  ],
  Array [
    8,
    " comment ",
    22,
    31,
  ],
  Array [
    3,
    "%>",
    31,
    33,
  ],
  Array [
    1,
    "
    ",
    33,
    38,
  ],
  Array [
    2,
    "<%",
    38,
    40,
  ],
  Array [
    7,
    "_",
    40,
    41,
  ],
  Array [
    8,
    " if (foo == \\"%>\\\\\\"%>\\") { ",
    41,
    65,
  ],
  Array [
    7,
    "_",
    65,
    66,
  ],
  Array [
    3,
    "%>",
    66,
    68,
  ],
  Array [
    1,
    "
      ",
    68,
    75,
  ],
  Array [
    2,
    "<%",
    75,
    77,
  ],
  Array [
    5,
    "=",
    77,
    78,
  ],
  Array [
    8,
    " bar ",
    78,
    83,
  ],
  Array [
    3,
    "%>",
    83,
    85,
  ],
  Array [
    1,
    "
    ",
    85,
    90,
  ],
  Array [
    2,
    "<%",
    90,
    92,
  ],
  Array [
    8,
    " } ",
    92,
    95,
  ],
  Array [
    3,
    "%>",
    95,
    97,
  ],
  Array [
    1,
    "
    </foo>
    ",
    97,
    113,
  ],
  Array [
    0,
    "",
    113,
    113,
  ],
]
`;
