// Jest Snapshot v1, https://goo.gl/fbAQLP

exports[`Output Sanitize 1`] = `"Hello &lt;&amp;&#34;&gt;"`;
